[{"label":"this search term","1.&nbsp;Toronto, Ontario, Canada":false,"2.&nbsp;Yokohama, Kanagawa, Japan":1,"3.&nbsp;Melbourne, Victoria, Australia":2},{"label":"search term 2","1.&nbsp;Toronto, Ontario, Canada":false,"2.&nbsp;Yokohama, Kanagawa, Japan":2,"3.&nbsp;Melbourne, Victoria, Australia":false},{"label":"search term 3","1.&nbsp;Toronto, Ontario, Canada":2,"2.&nbsp;Yokohama, Kanagawa, Japan":false,"3.&nbsp;Melbourne, Victoria, Australia":false},{"label":"search term 4","1.&nbsp;Toronto, Ontario, Canada":2,"2.&nbsp;Yokohama, Kanagawa, Japan":false,"3.&nbsp;Melbourne, Victoria, Australia":false},{"label":"that search term","1.&nbsp;Toronto, Ontario, Canada":false,"2.&nbsp;Yokohama, Kanagawa, Japan":false,"3.&nbsp;Melbourne, Victoria, Australia":2},{"label":"search term 1","1.&nbsp;Toronto, Ontario, Canada":false,"2.&nbsp;Yokohama, Kanagawa, Japan":1,"3.&nbsp;Melbourne, Victoria, Australia":false}]